[2026-06-29 20:50:39] No PDF for guide: PeopleXD Payroll user guides (https://help-peoplexd.theaccessgroup.com/en/articles/12843859-peoplexd-payroll-user-guides)
[2026-06-29 20:50:42] No PDF for guide: PeopleXD Insight user guides (https://help-peoplexd.theaccessgroup.com/en/articles/12856633-peoplexd-insight-user-guides)
[2026-06-29 20:50:45] No PDF for guide: PeopleXD Recruitment user guides (https://help-peoplexd.theaccessgroup.com/en/articles/12859644-peoplexd-recruitment-user-guides)
[2026-06-29 20:50:48] No PDF for guide: PeopleXD Talent user guides (https://help-peoplexd.theaccessgroup.com/en/articles/12859690-peoplexd-talent-user-guides)
[2026-06-29 20:50:51] No PDF for guide: PeopleXD Workforce Management user guides (https://help-peoplexd.theaccessgroup.com/en/articles/12867325-peoplexd-workforce-management-user-guides)
[2026-06-29 20:50:57] No PDF for guide: PeopleXD Insight user guides (https://help-peoplexd.theaccessgroup.com/en/articles/12856633-peoplexd-insight-user-guides)
[2026-06-29 20:51:00] No PDF for guide: PeopleXD People Management user guides (https://help-peoplexd.theaccessgroup.com/en/articles/12857001-peoplexd-people-management-user-guides)
[2026-06-29 20:51:03] No PDF for guide: PeopleXD Workforce Management user guides (https://help-peoplexd.theaccessgroup.com/en/articles/12867325-peoplexd-workforce-management-user-guides)
[2026-06-29 20:51:06] No PDF for guide: PeopleXD Pension user guides (https://help-peoplexd.theaccessgroup.com/en/articles/12953173-peoplexd-pension-user-guides)
[2026-06-29 20:51:09] No PDF for guide: PeopleXD Expense user guides (https://help-peoplexd.theaccessgroup.com/en/articles/12953371-peoplexd-expense-user-guides)
[2026-06-29 20:51:15] No PDF for guide: PeopleXD Insight user guides (https://help-peoplexd.theaccessgroup.com/en/articles/12856633-peoplexd-insight-user-guides)
[2026-06-29 20:51:18] No PDF for guide: PeopleXD People Analytics and Evo user guides (https://help-peoplexd.theaccessgroup.com/en/articles/12856949-peoplexd-people-analytics-and-evo-user-guides)
[2026-06-29 20:51:21] No PDF for guide: PeopleXD People Management user guides (https://help-peoplexd.theaccessgroup.com/en/articles/12857001-peoplexd-people-management-user-guides)
[2026-06-29 20:51:24] No PDF for guide: PeopleXD Recruitment user guides (https://help-peoplexd.theaccessgroup.com/en/articles/12859644-peoplexd-recruitment-user-guides)
[2026-06-29 20:51:27] No PDF for guide: PeopleXD Talent user guides (https://help-peoplexd.theaccessgroup.com/en/articles/12859690-peoplexd-talent-user-guides)
[2026-06-29 20:51:33] No PDF for guide: PeopleXD Payroll user guides (https://help-peoplexd.theaccessgroup.com/en/articles/12843859-peoplexd-payroll-user-guides)
[2026-06-29 20:51:36] No PDF for guide: PeopleXD cross-product user guides (https://help-peoplexd.theaccessgroup.com/en/articles/12856528-peoplexd-cross-product-user-guides)
[2026-06-29 20:51:39] No PDF for guide: PeopleXD People Management user guides (https://help-peoplexd.theaccessgroup.com/en/articles/12857001-peoplexd-people-management-user-guides)
[2026-06-29 20:51:42] No PDF for guide: PeopleXD Recruitment user guides (https://help-peoplexd.theaccessgroup.com/en/articles/12859644-peoplexd-recruitment-user-guides)
[2026-06-29 20:51:45] No PDF for guide: PeopleXD Talent user guides (https://help-peoplexd.theaccessgroup.com/en/articles/12859690-peoplexd-talent-user-guides)
[2026-06-29 20:51:51] No PDF for guide: PeopleXD Payroll user guides (https://help-peoplexd.theaccessgroup.com/en/articles/12843859-peoplexd-payroll-user-guides)
[2026-06-29 20:51:54] No PDF for guide: PeopleXD Insight user guides (https://help-peoplexd.theaccessgroup.com/en/articles/12856633-peoplexd-insight-user-guides)
[2026-06-29 20:51:57] No PDF for guide: PeopleXD Workforce Management user guides (https://help-peoplexd.theaccessgroup.com/en/articles/12867325-peoplexd-workforce-management-user-guides)
[2026-06-29 20:51:59] No PDF for guide: PeopleXD Pension user guides (https://help-peoplexd.theaccessgroup.com/en/articles/12953173-peoplexd-pension-user-guides)
[2026-06-29 20:52:02] No PDF for guide: PeopleXD Expense user guides (https://help-peoplexd.theaccessgroup.com/en/articles/12953371-peoplexd-expense-user-guides)
[2026-06-29 20:52:08] No PDF for guide: PeopleXD Insight user guides (https://help-peoplexd.theaccessgroup.com/en/articles/12856633-peoplexd-insight-user-guides)
[2026-06-29 20:52:11] No PDF for guide: PeopleXD People Management user guides (https://help-peoplexd.theaccessgroup.com/en/articles/12857001-peoplexd-people-management-user-guides)
[2026-06-29 20:52:14] No PDF for guide: PeopleXD Recruitment user guides (https://help-peoplexd.theaccessgroup.com/en/articles/12859644-peoplexd-recruitment-user-guides)
[2026-06-29 20:52:17] No PDF for guide: PeopleXD Pension user guides (https://help-peoplexd.theaccessgroup.com/en/articles/12953173-peoplexd-pension-user-guides)
[2026-06-29 20:52:20] No PDF for guide: PeopleXD Expense user guides (https://help-peoplexd.theaccessgroup.com/en/articles/12953371-peoplexd-expense-user-guides)
[2026-06-29 20:52:26] No PDF for guide: PeopleXD Payroll user guides (https://help-peoplexd.theaccessgroup.com/en/articles/12843859-peoplexd-payroll-user-guides)
[2026-06-29 20:52:29] No PDF for guide: PeopleXD cross-product user guides (https://help-peoplexd.theaccessgroup.com/en/articles/12856528-peoplexd-cross-product-user-guides)
[2026-06-29 20:52:32] No PDF for guide: PeopleXD Insight user guides (https://help-peoplexd.theaccessgroup.com/en/articles/12856633-peoplexd-insight-user-guides)
[2026-06-29 20:52:35] No PDF for guide: PeopleXD People Management user guides (https://help-peoplexd.theaccessgroup.com/en/articles/12857001-peoplexd-people-management-user-guides)
[2026-06-29 20:52:38] No PDF for guide: PeopleXD Talent user guides (https://help-peoplexd.theaccessgroup.com/en/articles/12859690-peoplexd-talent-user-guides)
[2026-06-29 20:52:44] No PDF for guide: PeopleXD Payroll user guides (https://help-peoplexd.theaccessgroup.com/en/articles/12843859-peoplexd-payroll-user-guides)
[2026-06-29 20:52:47] No PDF for guide: PeopleXD Insight user guides (https://help-peoplexd.theaccessgroup.com/en/articles/12856633-peoplexd-insight-user-guides)
[2026-06-29 20:52:49] No PDF for guide: PeopleXD Recruitment user guides (https://help-peoplexd.theaccessgroup.com/en/articles/12859644-peoplexd-recruitment-user-guides)
[2026-06-29 20:52:52] No PDF for guide: PeopleXD Pension user guides (https://help-peoplexd.theaccessgroup.com/en/articles/12953173-peoplexd-pension-user-guides)
[2026-06-29 20:52:55] No PDF for guide: PeopleXD Expense user guides (https://help-peoplexd.theaccessgroup.com/en/articles/12953371-peoplexd-expense-user-guides)
[2026-06-29 20:53:01] No PDF for guide: PeopleXD Payroll user guides (https://help-peoplexd.theaccessgroup.com/en/articles/12843859-peoplexd-payroll-user-guides)
[2026-06-29 20:53:04] No PDF for guide: PeopleXD People Management user guides (https://help-peoplexd.theaccessgroup.com/en/articles/12857001-peoplexd-people-management-user-guides)
[2026-06-29 20:53:07] No PDF for guide: PeopleXD Recruitment user guides (https://help-peoplexd.theaccessgroup.com/en/articles/12859644-peoplexd-recruitment-user-guides)
[2026-06-29 20:53:10] No PDF for guide: PeopleXD Talent user guides (https://help-peoplexd.theaccessgroup.com/en/articles/12859690-peoplexd-talent-user-guides)
[2026-06-29 20:53:13] No PDF for guide: PeopleXD Expense user guides (https://help-peoplexd.theaccessgroup.com/en/articles/12953371-peoplexd-expense-user-guides)
[2026-06-29 20:53:19] No PDF for guide: PeopleXD Payroll user guides (https://help-peoplexd.theaccessgroup.com/en/articles/12843859-peoplexd-payroll-user-guides)
[2026-06-29 20:53:22] No PDF for guide: PeopleXD cross-product user guides (https://help-peoplexd.theaccessgroup.com/en/articles/12856528-peoplexd-cross-product-user-guides)
[2026-06-29 20:53:25] No PDF for guide: PeopleXD Insight user guides (https://help-peoplexd.theaccessgroup.com/en/articles/12856633-peoplexd-insight-user-guides)
[2026-06-29 20:53:28] No PDF for guide: PeopleXD Recruitment user guides (https://help-peoplexd.theaccessgroup.com/en/articles/12859644-peoplexd-recruitment-user-guides)
[2026-06-29 20:53:31] No PDF for guide: PeopleXD Pension user guides (https://help-peoplexd.theaccessgroup.com/en/articles/12953173-peoplexd-pension-user-guides)
[2026-06-29 20:53:37] No PDF for guide: PeopleXD Payroll user guides (https://help-peoplexd.theaccessgroup.com/en/articles/12843859-peoplexd-payroll-user-guides)
[2026-06-29 20:53:40] No PDF for guide: PeopleXD Insight user guides (https://help-peoplexd.theaccessgroup.com/en/articles/12856633-peoplexd-insight-user-guides)
[2026-06-29 20:53:43] No PDF for guide: PeopleXD People Management user guides (https://help-peoplexd.theaccessgroup.com/en/articles/12857001-peoplexd-people-management-user-guides)
[2026-06-29 20:53:46] No PDF for guide: PeopleXD Recruitment user guides (https://help-peoplexd.theaccessgroup.com/en/articles/12859644-peoplexd-recruitment-user-guides)
[2026-06-29 20:53:48] No PDF for guide: PeopleXD Expense user guides (https://help-peoplexd.theaccessgroup.com/en/articles/12953371-peoplexd-expense-user-guides)
